// Jest Snapshot v1, https://goo.gl/fbAQLP

exports[`account LOGGED_IN 1`] = `
Object {
  "activeWalletIds": Array [
    "1",
    "2",
    "3",
  ],
  "id": "123123",
}
`;
