// Jest Snapshot v1, https://goo.gl/fbAQLP

exports[`initialState 1`] = `
Object {
  "calculatingMax": false,
  "changeWallet": "none",
  "creatingWallet": false,
  "fee": 0,
  "forceUpdateGuiCounter": 0,
  "fromBalanceMessage": "",
  "fromCurrencyCode": null,
  "fromCurrencyIcon": null,
  "fromCurrencyIconDark": null,
  "fromDisplayAmount": "0",
  "fromNativeAmount": "0",
  "fromWallet": null,
  "fromWalletPrimaryInfo": Object {
    "displayCurrencyCode": "",
    "displayDenomination": Object {
      "multiplier": "1",
      "name": "",
    },
    "exchangeCurrencyCode": "",
    "exchangeDenomination": Object {
      "multiplier": "1",
      "name": "",
    },
  },
  "genericShapeShiftError": null,
  "insufficientError": false,
  "pluginCompleteKYC": null,
  "quote": null,
  "quoteExpireDate": null,
  "shiftPendingTransaction": false,
  "showKYCAlert": false,
  "toBalanceMessage": "",
  "toCurrencyCode": null,
  "toCurrencyIcon": null,
  "toCurrencyIconDark": null,
  "toDisplayAmount": "0",
  "toNativeAmount": "0",
  "toWallet": null,
  "toWalletPrimaryInfo": Object {
    "displayCurrencyCode": "",
    "displayDenomination": Object {
      "multiplier": "1",
      "name": "",
    },
    "exchangeCurrencyCode": "",
    "exchangeDenomination": Object {
      "multiplier": "1",
      "name": "",
    },
  },
  "walletListModalVisible": false,
}
`;
