// Jest Snapshot v1, https://goo.gl/fbAQLP

exports[`LoadingScene should render 1`] = `
<SafeAreaViewComponent
  style={
    Object {
      "flex": 1,
    }
  }
>
  <Component
    style={
      Object {
        "alignItems": "center",
        "flex": 1,
        "justifyContent": "center",
      }
    }
  >
    <Gradient
      style={
        Object {
          "height": 44,
          "width": "100%",
        }
      }
    />
    <Component
      style={
        Object {
          "alignItems": "center",
          "flex": 1,
          "justifyContent": "center",
        }
      }
    >
      <ActivityIndicator
        animating={true}
        color="#999999"
        hidesWhenStopped={true}
        size="large"
      />
    </Component>
  </Component>
</SafeAreaViewComponent>
`;
